\BOOKMARK [1][-]{section.1}{\376\377\004\027\004\060\004\107\004\065\004\074\000\040\004\062\004\076\004\076\004\061\004\111\004\065\000\040\004\075\004\103\004\066\004\075\004\060\000\040\004\115\004\102\004\060\000\040\004\100\004\060\004\061\004\076\004\102\004\060}{}% 1
\BOOKMARK [1][-]{section.2}{\376\377\004\042\004\065\004\076\004\100\004\070\004\117\000:\000\040\004\107\004\102\004\076\000\040\004\102\004\060\004\072\004\076\004\065\000\040\000P\000D\000B\000-\004\101\004\102\004\100\004\103\004\072\004\102\004\103\004\100\004\060}{}% 2
\BOOKMARK [2][-]{subsection.2.1}{\376\377\004\036\004\102\004\072\004\103\004\064\004\060\000\040\004\061\004\065\004\100\004\103\004\102\004\101\004\117\000\040\004\072\004\076\004\076\004\100\004\064\004\070\004\075\004\060\004\102\004\113}{section.2}% 3
\BOOKMARK [2][-]{subsection.2.2}{\376\377\004\040\004\060\004\067\004\100\004\065\004\110\004\065\004\075\004\070\004\065\000\040\004\070\000\040\004\107\004\102\004\076\000\040\004\076\004\075\004\076\000\040\004\067\004\075\004\060\004\107\004\070\004\102}{section.2}% 4
\BOOKMARK [2][-]{subsection.2.3}{\376\377\000B\000-\004\104\004\060\004\072\004\102\004\076\004\100}{section.2}% 5
\BOOKMARK [2][-]{subsection.2.4}{\376\377\004\037\004\076\004\107\004\065\004\074\004\103\000\040\004\062\000\040\004\101\004\102\004\100\004\103\004\072\004\102\004\103\004\100\004\065\000\040\004\075\004\065\000\040\004\105\004\062\004\060\004\102\004\060\004\065\004\102\000\040\004\072\004\103\004\101\004\072\004\076\004\062}{section.2}% 6
\BOOKMARK [2][-]{subsection.2.5}{\376\377\004\047\004\102\004\076\000\040\004\065\004\111\004\121\000\040\004\073\004\065\004\066\004\070\004\102\000\040\004\062\000\040\004\104\004\060\004\071\004\073\004\065\000,\000\040\004\072\004\100\004\076\004\074\004\065\000\040\004\061\004\065\004\073\004\072\004\060}{section.2}% 7
\BOOKMARK [2][-]{subsection.2.6}{\376\377\004\044\004\076\004\100\004\074\004\060\004\102\000\040\000A\000T\000O\000M\000-\004\067\004\060\004\077\004\070\004\101\004\070}{section.2}% 8
\BOOKMARK [1][-]{section.3}{\376\377\004\042\004\065\004\076\004\100\004\070\004\117\000:\000\040\004\075\004\103\004\074\004\065\004\100\004\060\004\106\004\070\004\117\000\040\004\076\004\101\004\102\004\060\004\102\004\072\004\076\004\062\000\040\040\024\000\040\004\063\004\073\004\060\004\062\004\075\004\113\004\071\000\040\004\070\004\101\004\102\004\076\004\107\004\075\004\070\004\072\000\040\004\076\004\110\004\070\004\061\004\076\004\072}{}% 9
\BOOKMARK [2][-]{subsection.3.1}{\376\377\004\036\004\102\004\072\004\103\004\064\004\060\000\040\004\061\004\065\004\100\004\121\004\102\004\101\004\117\000\040\004\100\004\060\004\101\004\105\004\076\004\066\004\064\004\065\004\075\004\070\004\065}{section.3}% 10
\BOOKMARK [2][-]{subsection.3.2}{\376\377\004\032\004\060\004\072\000\040\004\077\004\100\004\076\004\062\004\065\004\100\004\117\004\102\004\114\000,\000\040\004\060\000\040\004\075\004\065\000\040\004\103\004\063\004\060\004\064\004\113\004\062\004\060\004\102\004\114}{section.3}% 11
\BOOKMARK [1][-]{section.4}{\376\377\004\042\004\065\004\076\004\100\004\070\004\117\000:\000\040\004\075\004\060\004\073\004\076\004\066\004\065\004\075\004\070\004\065\000\040\004\101\004\102\004\100\004\103\004\072\004\102\004\103\004\100\000\040\004\070\000\040\000R\000M\000S\000D}{}% 12
\BOOKMARK [2][-]{subsection.4.1}{\376\377\004\047\004\102\004\076\000\040\004\101\004\107\004\070\004\102\004\060\004\065\004\102\000\040\000M\000a\000t\000c\000h\000m\000a\000k\000e\000r}{section.4}% 13
\BOOKMARK [2][-]{subsection.4.2}{\376\377\004\032\004\060\004\072\000\040\004\101\004\102\004\100\004\076\004\117\004\102\004\101\004\117\000\040\004\077\004\060\004\100\004\113\000\040\004\076\004\101\004\102\004\060\004\102\004\072\004\076\004\062}{section.4}% 14
\BOOKMARK [2][-]{subsection.4.3}{\376\377\004\030\004\102\004\065\004\100\004\060\004\102\004\070\004\062\004\075\004\076\004\065\000\040\004\076\004\102\004\061\004\100\004\060\004\101\004\113\004\062\004\060\004\075\004\070\004\065\000\040\004\070\000\040\004\077\004\076\004\107\004\065\004\074\004\103\000\040\000R\000M\000S\000D\000\040\004\064\004\062\004\060}{section.4}% 15
\BOOKMARK [1][-]{section.5}{\376\377\004\047\004\102\004\076\000\040\004\070\004\074\004\065\004\075\004\075\004\076\000\040\004\101\004\064\004\065\004\073\004\060\004\075\004\076\000\040\004\062\000\040\004\100\004\060\004\061\004\076\004\102\004\065\000,\000\040\004\110\004\060\004\063\000\040\004\067\004\060\000\040\004\110\004\060\004\063\004\076\004\074}{}% 16
\BOOKMARK [2][-]{subsection.5.1}{\376\377\004\030\004\075\004\101\004\102\004\100\004\103\004\074\004\065\004\075\004\102\004\113}{section.5}% 17
\BOOKMARK [2][-]{subsection.5.2}{\376\377\004\050\004\060\004\063\000\040\0001\000.\000\040\004\027\004\060\004\063\004\100\004\103\004\067\004\072\004\060}{section.5}% 18
\BOOKMARK [2][-]{subsection.5.3}{\376\377\004\050\004\060\004\063\000\040\0002\000.\000\040\004\022\004\113\004\061\004\076\004\100\000\040\004\106\004\065\004\077\004\070}{section.5}% 19
\BOOKMARK [2][-]{subsection.5.4}{\376\377\004\050\004\060\004\063\000\040\0003\000.\000\040\004\037\004\100\004\076\004\062\004\065\004\100\004\072\004\060\000\040\004\077\004\076\004\073\004\075\004\076\004\102\004\113}{section.5}% 20
\BOOKMARK [2][-]{subsection.5.5}{\376\377\004\050\004\060\004\063\000\040\0004\000.\000\040\004\037\004\076\004\070\004\101\004\072\000\040\004\076\004\101\004\102\004\060\004\102\004\072\004\060\000\040\0003\0001\0005\000\040\004\070\000\040\004\077\004\100\004\076\004\062\004\065\004\100\004\072\004\060\000\040\004\075\004\103\004\074\004\065\004\100\004\060\004\106\004\070\004\070}{section.5}% 21
\BOOKMARK [2][-]{subsection.5.6}{\376\377\004\050\004\060\004\063\000\040\0005\000.\000\040\004\033\004\070\004\063\004\060\004\075\004\064\000\040\004\070\000\040\004\101\004\060\004\071\004\102\000\040\004\101\004\062\004\117\004\067\004\113\004\062\004\060\004\075\004\070\004\117}{section.5}% 22
\BOOKMARK [2][-]{subsection.5.7}{\376\377\004\050\004\060\004\063\000\040\0006\000.\000\040\004\041\004\076\004\105\004\100\004\060\004\075\004\065\004\075\004\070\004\065\000\040\004\100\004\060\004\061\004\076\004\107\004\070\004\105\000\040\004\104\004\060\004\071\004\073\004\076\004\062}{section.5}% 23
\BOOKMARK [2][-]{subsection.5.8}{\376\377\004\050\004\060\004\063\000\040\0007\000.\000\040\004\035\004\060\004\073\004\076\004\066\004\065\004\075\004\070\004\065}{section.5}% 24
\BOOKMARK [1][-]{section.6}{\376\377\004\023\004\073\004\060\004\062\004\075\004\113\004\071\000\040\004\100\004\065\004\067\004\103\004\073\004\114\004\102\004\060\004\102\000\040\004\070\000\040\004\072\004\060\004\072\000\040\004\065\004\063\004\076\000\040\004\070\004\075\004\102\004\065\004\100\004\077\004\100\004\065\004\102\004\070\004\100\004\076\004\062\004\060\004\102\004\114}{}% 25
\BOOKMARK [2][-]{subsection.6.1}{\376\377\004\041\004\102\004\100\004\103\004\072\004\102\004\103\004\100\004\113\000\040\004\077\004\076\004\107\004\102\004\070\000\040\004\076\004\064\004\070\004\075\004\060\004\072\004\076\004\062\004\113}{section.6}% 26
\BOOKMARK [2][-]{subsection.6.2}{\376\377\004\035\004\076\000\040\004\100\004\060\004\067\004\073\004\070\004\107\004\070\004\117\000\040\004\065\004\101\004\102\004\114\000,\000\040\004\070\000\040\004\076\004\075\004\070\000\040\004\075\004\065\000\040\004\102\004\060\004\074\000,\000\040\004\063\004\064\004\065\000\040\004\074\004\103\004\102\004\060\004\106\004\070\004\117}{section.6}% 27
\BOOKMARK [2][-]{subsection.6.3}{\376\377\004\037\004\076\004\107\004\065\004\074\004\103\000\040\004\063\004\073\004\076\004\061\004\060\004\073\004\114\004\075\004\076\004\065\000\040\000R\000M\000S\000D\000\040\004\076\004\061\004\074\004\060\004\075\004\107\004\070\004\062\004\076}{section.6}% 28
\BOOKMARK [1][-]{section.7}{\376\377\004\040\004\060\004\067\004\061\004\076\004\100\000\040\004\072\004\076\004\064\004\060}{}% 29
\BOOKMARK [2][-]{subsection.7.1}{\376\377\004\041\004\102\004\100\004\103\004\072\004\102\004\103\004\100\004\060\000\040\004\077\004\100\004\076\004\065\004\072\004\102\004\060}{section.7}% 30
\BOOKMARK [2][-]{subsection.7.2}{\376\377\004\037\004\076\004\070\004\101\004\072\000\040\004\077\004\100\004\076\004\077\004\103\004\101\004\072\004\076\004\062}{section.7}% 31
\BOOKMARK [2][-]{subsection.7.3}{\376\377\004\036\004\101\004\102\004\060\004\102\004\072\004\070\000\040\004\101\004\060\004\071\004\102\004\060\000\040\004\101\004\062\004\117\004\067\004\113\004\062\004\060\004\075\004\070\004\117}{section.7}% 32
\BOOKMARK [2][-]{subsection.7.4}{\376\377\004\035\004\060\004\073\004\076\004\066\004\065\004\075\004\070\004\065\000\040\004\032\004\060\004\061\004\110\004\060}{section.7}% 33
\BOOKMARK [2][-]{subsection.7.5}{\376\377\004\030\004\102\004\065\004\100\004\060\004\102\004\070\004\062\004\075\004\076\004\065\000\040\004\076\004\102\004\061\004\100\004\060\004\101\004\113\004\062\004\060\004\075\004\070\004\065}{section.7}% 34
\BOOKMARK [1][-]{section.8}{\376\377\004\032\004\060\004\072\000\040\004\077\004\076\004\062\004\102\004\076\004\100\004\070\004\102\004\114\000\040\004\062\004\101\004\121\000\040\004\101\000\040\004\075\004\103\004\073\004\117}{}% 35
\BOOKMARK [1][-]{section.9}{\376\377\004\047\004\065\004\101\004\102\004\075\004\113\004\065\000\040\004\076\004\063\004\100\004\060\004\075\004\070\004\107\004\065\004\075\004\070\004\117\000\040\004\100\004\060\004\061\004\076\004\102\004\113}{}% 36
\BOOKMARK [1][-]{section.10}{\376\377\004\022\004\065\004\100\004\076\004\117\004\102\004\075\004\113\004\065\000\040\004\062\004\076\004\077\004\100\004\076\004\101\004\113\000\040\004\075\004\060\000\040\004\067\004\060\004\111\004\070\004\102\004\065}{}% 37
\BOOKMARK [1][-]{section.11}{\376\377\004\022\004\113\004\062\004\076\004\064\004\113}{}% 38
