\BOOKMARK [1][-]{section.1}{\376\377\004\032\004\060\004\100\004\102\004\070\004\075\004\060\000\040\004\106\004\065\004\073\004\070\004\072\004\076\004\074\000:\000\040\004\107\004\102\004\076\000\040\004\062\004\076\004\076\004\061\004\111\004\065\000\040\004\077\004\100\004\076\004\070\004\101\004\105\004\076\004\064\004\070\004\102\000\040\004\062\000\040\004\115\004\102\004\076\004\071\000\040\004\100\004\060\004\061\004\076\004\102\004\065}{}% 1
\BOOKMARK [2][-]{subsection.1.1}{\376\377\004\030\004\064\004\065\004\117\000\040\004\067\004\060\000\040\004\067\004\060\004\064\004\060\004\075\004\070\004\065\004\074}{section.1}% 2
\BOOKMARK [2][-]{subsection.1.2}{\376\377\004\037\004\076\004\107\004\065\004\074\004\103\000\040\004\074\004\070\004\110\004\065\004\075\004\114\000\040\040\024\000\040\000B\000C\000R\000:\000:\000A\000B\000L\0001}{section.1}% 3
\BOOKMARK [2][-]{subsection.1.3}{\376\377\004\030\004\067\000\040\004\107\004\065\004\063\004\076\000\040\004\101\004\076\004\101\004\102\004\076\004\070\004\102\000\040\004\100\004\065\004\067\004\103\004\073\004\114\004\102\004\060\004\102}{section.1}% 4
\BOOKMARK [1][-]{section.2}{\376\377\004\021\004\070\004\076\004\073\004\076\004\063\004\070\004\117\000:\000\040\004\074\004\070\004\075\004\070\004\074\004\103\004\074\000,\000\040\004\072\004\076\004\102\004\076\004\100\004\113\004\071\000\040\004\075\004\103\004\066\004\075\004\076\000\040\004\077\004\076\004\075\004\070\004\074\004\060\004\102\004\114}{}% 5
\BOOKMARK [2][-]{subsection.2.1}{\376\377\004\047\004\102\004\076\000\040\004\102\004\060\004\072\004\076\004\065\000\040\004\072\004\070\004\075\004\060\004\067\004\060\000\040\004\070\000\040\004\077\004\076\004\107\004\065\004\074\004\103\000\040\004\076\004\075\004\060\000\040\004\062\004\060\004\066\004\075\004\060}{section.2}% 6
\BOOKMARK [2][-]{subsection.2.2}{\376\377\004\035\004\076\004\100\004\074\004\060\004\073\004\114\004\075\004\060\004\117\000\040\000A\000B\000L\0001\000\040\004\070\000\040\004\065\004\121\000\040\000\253\004\077\004\100\004\065\004\064\004\076\004\105\004\100\004\060\004\075\004\070\004\102\004\065\004\073\004\070\000\273}{section.2}% 7
\BOOKMARK [2][-]{subsection.2.3}{\376\377\004\047\004\102\004\076\000\040\004\073\004\076\004\074\004\060\004\065\004\102\000\040\004\102\004\100\004\060\004\075\004\101\004\073\004\076\004\072\004\060\004\106\004\070\004\117\000\040\000t\000\050\0009\000;\0002\0002\000\051}{section.2}% 8
\BOOKMARK [2][-]{subsection.2.4}{\376\377\004\037\004\076\004\107\004\065\004\074\004\103\000\040\004\115\004\102\004\076\000\040\004\105\004\076\004\100\004\076\004\110\004\060\004\117\000\040\004\074\004\070\004\110\004\065\004\075\004\114}{section.2}% 9
\BOOKMARK [2][-]{subsection.2.5}{\376\377\000T\0003\0001\0005\000I\000:\000\040\004\077\004\076\004\107\004\065\004\074\004\103\000\040\004\076\004\064\004\075\004\060\000\040\004\061\004\103\004\072\004\062\004\060\000\040\004\100\004\065\004\110\004\060\004\065\004\102\000\040\004\062\004\101\004\121}{section.2}% 10
\BOOKMARK [1][-]{section.3}{\376\377\004\021\004\060\004\067\004\113\000\040\004\064\004\060\004\075\004\075\004\113\004\105\000:\000\040\004\107\004\102\004\076\000\040\004\063\004\064\004\065\000\040\004\073\004\065\004\066\004\070\004\102}{}% 11
\BOOKMARK [2][-]{subsection.3.1}{\376\377\004\047\004\102\004\076\000\040\004\102\004\060\004\072\004\076\004\065\000\040\000\253\000r\000e\000v\000i\000e\000w\000e\000d\000\273\000\040\004\062\000\040\000U\000n\000i\000P\000r\000o\000t}{section.3}% 12
\BOOKMARK [2][-]{subsection.3.2}{\376\377\004\047\004\102\004\076\000\040\004\102\004\060\004\072\004\076\004\065\000\040\004\067\004\060\004\077\004\070\004\101\004\114\000\040\000P\000D\000B\000\040\004\070\000\040\004\107\004\102\004\076\000\040\004\062\000\040\004\075\004\065\004\071\000\040\004\101\004\074\004\076\004\102\004\100\004\065\004\102\004\114}{section.3}% 13
\BOOKMARK [2][-]{subsection.3.3}{\376\377\000I\000C\0005\0000\000,\000\040\000K\000i\000,\000\040\000K\000d\000:\000\040\004\062\000\040\004\107\004\121\004\074\000\040\004\100\004\060\004\067\004\075\004\070\004\106\004\060}{section.3}% 14
\BOOKMARK [2][-]{subsection.3.4}{\376\377\004\047\004\102\004\076\000\040\004\102\004\060\004\072\004\076\004\065\000\040\000\253\004\106\004\065\004\075\004\067\004\103\004\100\004\070\004\100\004\076\004\062\004\060\004\075\004\075\004\076\004\065\000\040\004\067\004\075\004\060\004\107\004\065\004\075\004\070\004\065\000\273}{section.3}% 15
\BOOKMARK [2][-]{subsection.3.5}{\376\377\004\047\004\102\004\076\000\040\004\102\004\060\004\072\004\076\004\065\000\040\000S\000M\000I\000L\000E\000S}{section.3}% 16
\BOOKMARK [1][-]{section.4}{\376\377\004\032\004\060\004\072\000\040\004\070\004\074\004\065\004\075\004\075\004\076\000\040\004\062\004\101\004\121\000\040\004\061\004\113\004\073\004\076\000\040\004\101\004\064\004\065\004\073\004\060\004\075\004\076}{}% 17
\BOOKMARK [2][-]{subsection.4.1}{\376\377\004\050\004\060\004\063\000\040\0001\000.\000\040\000U\000n\000i\000P\000r\000o\000t}{section.4}% 18
\BOOKMARK [2][-]{subsection.4.2}{\376\377\004\050\004\060\004\063\000\040\0002\000.\000\040\004\037\004\076\004\070\004\101\004\072\000\040\004\101\004\102\004\100\004\103\004\072\004\102\004\103\004\100\000\040\004\062\000\040\000P\000D\000B}{section.4}% 19
\BOOKMARK [2][-]{subsection.4.3}{\376\377\004\050\004\060\004\063\000\040\0003\000.\000\040\004\022\004\113\004\061\004\076\004\100\000\040\004\064\004\062\004\103\004\105\000\040\004\101\004\102\004\100\004\103\004\072\004\102\004\103\004\100}{section.4}% 20
\BOOKMARK [2][-]{subsection.4.4}{\376\377\004\050\004\060\004\063\000\040\0004\000.\000\040\000A\000l\000p\000h\000a\000F\000o\000l\000d}{section.4}% 21
\BOOKMARK [2][-]{subsection.4.5}{\376\377\004\050\004\060\004\063\000\040\0005\000.\000\040\004\030\004\075\004\063\004\070\004\061\004\070\004\102\004\076\004\100\004\113\000\040\004\070\000\040\004\070\004\105\000\040\004\060\004\072\004\102\004\070\004\062\004\075\004\076\004\101\004\102\004\070}{section.4}% 22
\BOOKMARK [2][-]{subsection.4.6}{\376\377\004\050\004\060\004\063\000\040\0006\000.\000\040\000P\000u\000b\000C\000h\000e\000m}{section.4}% 23
\BOOKMARK [2][-]{subsection.4.7}{\376\377\004\050\004\060\004\063\000\040\0007\000.\000\040\004\041\004\061\004\076\004\100\004\072\004\060\000\040\004\064\004\060\004\102\004\060\004\101\004\065\004\102\004\060}{section.4}% 24
\BOOKMARK [2][-]{subsection.4.8}{\376\377\004\050\004\060\004\063\000\040\0008\000.\000\040\004\023\004\100\004\060\004\104\004\070\004\072}{section.4}% 25
\BOOKMARK [1][-]{section.5}{\376\377\004\047\004\102\004\076\000\040\004\076\004\102\004\062\004\065\004\107\004\060\004\102\004\114\000\040\004\075\004\060\000\040\004\067\004\060\004\111\004\070\004\102\004\065}{}% 26
\BOOKMARK [2][-]{subsection.5.1}{\376\377\004\022\004\076\004\077\004\100\004\076\004\101\004\113\000,\000\040\004\072\004\076\004\102\004\076\004\100\004\113\004\065\000\040\004\077\004\076\004\107\004\102\004\070\000\040\004\075\004\060\004\062\004\065\004\100\004\075\004\117\004\072\004\060\000\040\004\067\004\060\004\064\004\060\004\064\004\103\004\102}{section.5}% 27
\BOOKMARK [2][-]{subsection.5.2}{\376\377\004\042\004\065\004\100\004\074\004\070\004\075\004\113\000\040\004\076\004\064\004\075\004\076\004\071\000\040\004\101\004\102\004\100\004\076\004\072\004\076\004\071}{section.5}% 28
\BOOKMARK [1][-]{section.6}{\376\377\004\032\004\060\004\072\000\040\004\062\004\076\004\101\004\077\004\100\004\076\004\070\004\067\004\062\004\065\004\101\004\102\004\070\000\040\004\100\004\060\004\061\004\076\004\102\004\103\000\040\004\101\000\040\004\075\004\103\004\073\004\117}{}% 29
\BOOKMARK [2][-]{subsection.6.1}{\376\377\004\047\004\102\004\076\000\040\004\075\004\103\004\066\004\075\004\076\000\040\004\103\004\101\004\102\004\060\004\075\004\076\004\062\004\070\004\102\004\114}{section.6}% 30
\BOOKMARK [2][-]{subsection.6.2}{\376\377\004\037\004\076\004\100\004\117\004\064\004\076\004\072\000\040\004\067\004\060\004\077\004\103\004\101\004\072\004\060}{section.6}% 31
\BOOKMARK [2][-]{subsection.6.3}{\376\377\004\025\004\101\004\073\004\070\000\040\004\107\004\102\004\076\000-\004\102\004\076\000\040\004\075\004\065\000\040\004\100\004\060\004\061\004\076\004\102\004\060\004\065\004\102}{section.6}% 32
\BOOKMARK [1][-]{section.7}{\376\377\004\047\004\102\004\076\000\040\004\064\004\060\004\073\004\114\004\110\004\065\000\040\004\077\004\076\000\040\004\072\004\103\004\100\004\101\004\103}{}% 33
